// Jest Snapshot v1, https://goo.gl/fbAQLP

exports[`UnWrappedFavoriteLot Button Matches the snapshot 1`] = `
<div
  className="favorite-lot"
  onClick={[Function]}
  onMouseEnter={null}
  role="button"
  tabIndex={0}
>
  <span
    className="icon"
  />
  <span
    className="tooltip"
  >
    Favorite lot
  </span>
</div>
`;
