// Jest Snapshot v1, https://goo.gl/fbAQLP

exports[`should render an auction video 1`] = `
<div
  className="auction-video"
>
  <div
    className="caption row col-xs-12 clearfix"
  >
    <div
      className="left col-xs-6"
    >
      <p
        className="eyebrow"
      >
        <em>
          will be inside p className eyebrow&gt;
        </em>
      </p>
      <h2>
        will be the h2 tag
      </h2>
    </div>
    <div
      className="right col-xs-6"
    >
      <a
        className="video-link"
        href="will be inside link className video-link
 liveAuctionLinkDesc="
      />
    </div>
  </div>
  <div
    className="video-wrapper"
  >
    <iframe
      allowfullscreen={true}
      mozallowfullscreen={true}
      src="will be the src of the iframe"
      webkitallowfullscreen={true}
    />
  </div>
</div>
`;
