// Jest Snapshot v1, https://goo.gl/fbAQLP

exports[`should render a slide caption 1`] = `
<div
  className="caption-slide"
  style={
    Object {
      "width": "undefinedpx",
    }
  }
>
  <a
    href="https://www.phillips.comauctions/auction/NY010517"
    onClick={[Function]}
  >
    <div
      className="caption"
      dangerouslySetInnerHTML={
        Object {
          "__html": "Latin America",
        }
      }
    />
  </a>
</div>
`;
