// Jest Snapshot v1, https://goo.gl/fbAQLP

exports[`should render a video 1`] = `
<div
  className="phillips-video"
>
  <div
    className="video-wrapper"
  >
    <iframe
      allowFullScreen={true}
      frameBorder="0"
      src="https://player.vimeo.com/video/216898363"
    />
  </div>
  <div
    className="text-wrapper"
  >
    <div
      className="feature-info col-xs-12 col-sm-6"
      dangerouslySetInnerHTML={
        Object {
          "__html": undefined,
        }
      }
    />
    <div
      className="feature-caption col-xs-12 col-sm-6"
      dangerouslySetInnerHTML={
        Object {
          "__html": undefined,
        }
      }
    />
  </div>
</div>
`;
