// Jest Snapshot v1, https://goo.gl/fbAQLP

exports[`should render an artist 1`] = `
<li
  className="phillips-artist"
  style={
    Object {
      "width": "278px",
    }
  }
>
  <a
    href="artist/10541/damien-hirst"
  >
    <img
      alt="Damien Hirst"
      src="https://phillips.com/xigen/lotimg/Damien-Hirst/HK010117/22/220/281/true/true/true/fitpadded/bottom"
    />
    <div
      className="description"
    >
      <h3>
        Damien Hirst
      </h3>
    </div>
  </a>
</li>
`;
