// Jest Snapshot v1, https://goo.gl/fbAQLP

exports[`should render a sticky 1`] = `
<stickyMarkup
  altText="Next Photos and Contemporary"
  imgSrc="/Xigen/image.ashx?path=\\\\\\\\phillipsds\\\\website\\\\Media_preview\\\\FeaturedPromo\\\\FeaturedPromoImage_nextPhotosTCA.png"
  source="\\\\\\\\phillipsds\\\\website\\\\Media_preview\\\\FeaturedPromo\\\\FeaturedPromoImage_nextPhotosTCA.png"
  wrappingLink="https://live.phillips.com/"
/>
`;
