// Jest Snapshot v1, https://goo.gl/fbAQLP

exports[`FollowArtist Button Matches the snapshot 1`] = `
<div
  className="follow-artist"
  data-artist-id={1}
  onClick={[Function]}
  role="button"
  tabIndex={0}
>
  <span
    className="icon"
  />
  <span
    className="tooltip"
  >
    Follow
  </span>
</div>
`;
