// Jest Snapshot v1, https://goo.gl/fbAQLP

exports[`PhillipsImage src shoud be /690/550/false/false/false/fitpadded/top 1`] = `
<img
  alt={undefined}
  src="/fakeurl"
/>
`;

exports[`PhillipsImage src should be /690/550/false/false/false/fitpadded/top 1`] = `
<div
  className="phillips-image"
>
  <div
    className="image-loader"
    style={
      Object {
        "height": "550px",
        "width": "690px",
      }
    }
  >
    <span
      className="signal"
    />
  </div>
  <img
    alt="no alt text provided"
    data-pin-url="https://assets.phillips.com/image/upload/t_Website_AuctionPageLot/v1/xigen/lotimg/Gino-Sarfatti/NY050117/1"
    onError={[Function]}
    onLoad={[Function]}
    src="https://assets.phillips.com/image/upload/t_Website_AuctionPageLot/v1/xigen/lotimg/Gino-Sarfatti/NY050117/1"
  />
</div>
`;
