// Jest Snapshot v1, https://goo.gl/fbAQLP

exports[`LotPageContainer should render a LotPage 1`] = `
<div
  className="lot-page main-container"
>
  <div
    className="container content-area"
  >
    <div
      className="left-column col-xs-12 col-md-7"
    >
      <h1>
        LotPageImage
      </h1>
      <h1>
        PhillipsSocial
      </h1>
      <h1>
        LotPageAside
      </h1>
      <h1>
        LotPageDetail
      </h1>
    </div>
    <div
      className="right-column col-xs-12 col-md-5"
    >
      <h1>
        LanguageToggle
      </h1>
      <h1>
        Pagination
      </h1>
      <h1>
        StickyContainer
      </h1>
    </div>
    <div
      className="auction-grid col-xs-12"
    >
      <h1>
        Phillips Grid
      </h1>
    </div>
  </div>
</div>
`;
